fuertemente conexo
fuertemente conexo
fuertemente conexo
fuertemente conexo
fuertemente conexo
fuertemente conexo
fuertemente conexo
fuertemente conexo
fuertemente conexo
fuertemente conexo
fuertemente conexo
fuertemente conexo
fuertemente conexo
fuertemente conexo
fuertemente conexo
fuertemente conexo
fuertemente conexo
fuertemente conexo
fuertemente conexo
fuertemente conexo
fuertemente conexo
fuertemente conexo
fuertemente conexo
fuertemente conexo
fuertemente conexo
fuertemente conexo
fuertemente conexo
fuertemente conexo
fuertemente conexo
fuertemente conexo
fuertemente conexo
fuertemente conexo
fuertemente conexo
no
fuertemente conexo
fuertemente conexo
fuertemente conexo
fuertemente conexo
fuertemente conexo
fuertemente conexo
fuertemente conexo
fuertemente conexo
fuertemente conexo
fuertemente conexo
fuertemente conexo
fuertemente conexo
fuertemente conexo
fuertemente conexo
fuertemente conexo
fuertemente conexo
no
fuertemente conexo
no
fuertemente conexo
fuertemente conexo
fuertemente conexo
fuertemente conexo
fuertemente conexo
fuertemente conexo
fuertemente conexo
fuertemente conexo
fuertemente conexo
no
fuertemente conexo
fuertemente conexo
fuertemente conexo
fuertemente conexo
fuertemente conexo
fuertemente conexo
fuertemente conexo
fuertemente conexo
fuertemente conexo
fuertemente conexo
fuertemente conexo
fuertemente conexo
fuertemente conexo
fuertemente conexo
fuertemente conexo
fuertemente conexo
fuertemente conexo
fuertemente conexo
fuertemente conexo
fuertemente conexo
fuertemente conexo
fuertemente conexo
fuertemente conexo
fuertemente conexo
fuertemente conexo
fuertemente conexo
fuertemente conexo
fuertemente conexo
fuertemente conexo
fuertemente conexo
fuertemente conexo
fuertemente conexo
fuertemente conexo
no
fuertemente conexo
fuertemente conexo
fuertemente conexo
