no
no
no
no
no
no
no
no
no
no
no
no
no
no
fuertemente conexo
no
no
no
no
no
no
no
no
fuertemente conexo
no
no
no
no
fuertemente conexo
no
no
no
no
no
no
no
no
no
no
no
no
no
no
no
no
no
no
no
no
no
no
no
no
no
no
no
no
no
no
no
no
no
no
no
no
no
no
no
no
no
no
no
no
no
no
no
no
no
no
no
no
no
no
no
no
no
no
no
fuertemente conexo
no
no
no
no
no
no
no
no
no
no
no
