65569
149794
7345
461017
923105
231959
27073
252449
675949
8245
394540
88359
55442
119050
469302
5640
252505
677941
83587
236516
142129
627399
719029
1491
790316
32058
638409
54063
274784
117169
472479
34709
485638
87256
446040
65233
385944
631105
74625
23025
6737
54080
79324
226422
116663
74349
38250
341840
541932
291939
359253
729394
77557
131076
248943
26737
288425
583656
229345
224532
614319
7315
541443
83440
228752
110646
12616
5609
27603
351729
300213
30691
270657
254884
258852
27223
378960
152030
78336
293671
20001
159403
689280
384186
60245
143595
132562
138116
366816
93994
167240
16903
424321
109328
25624
457029
13737
385425
226839
293431
60232
294556
354509
60683
76843
327216
1
10957
369619
438156
70638
184050
652164
461924
16384
528
239665
19463
45460
133437
151051
29337
7393
175663
231868
81424
125921
103395
689181
587114
58871
10045
212096
311476
148280
32225
41202
17156
281799
260963
170479
167144
410041
293879
3659
137230
98157
417793
7614
39202
