3311
124768
326384
204444
149082
104760
61979
93025
437463
247833
428144
842222
258511
14109
249614
129026
105074
133334
73441
51216
80007
545839
605139
124358
205578
23932
81371
273186
47921
179037
151243
34119
377947
13750
162
451234
597319
55351
13418
595374
147225
366286
141594
710811
276551
417143
684787
468199
206330
99147
138216
194087
80840
214856
37728
321911
102185
238026
17488
1672
84321
414477
612001
511699
38615
77094
169990
246065
66133
151607
688199
86985
175675
37990
40697
80531
592722
299437
461710
128073
750598
101698
51362
7436
195941
110818
109436
239222
271600
66924
336996
14466
27146
9979
564664
447073
553982
193438
328231
255691
478428
707270
166437
6678
94288
166943
42281
52148
318158
346534
12143
459148
5105
689411
178758
537747
241886
698469
426024
611978
19768
222374
16831
138779
391913
80058
527010
85737
51551
88993
91845
697190
247589
341533
150596
36644
275010
42620
217060
564510
348524
104282
103882
126075
195400
270143
242020
51010
945968
230372
