1 18
2 24
3 30
4 37
5 44
6 53
7 62
8 73
9 83
10 95
11 108
12 123
13 139
14 157
15 176
16 196
17 217
18 243
19 269
20 297
21 327
22 358
23 394
24 430
25 468
26 509
27 553
28 599
29 648
30 700
31 755
32 813
33 971
34 1034
35 1103
36 1173
37 1247
38 1324
39 1405
40 1490
41 1577
42 1689
43 1786
44 1886
45 1990
46 2099
47 2212
48 2329
49 2450
50 2577
51 2706
52 2841
53 2980
54 3127
55 3275
56 3432
57 3592
58 3759
59 3928
60 4103
61 4285
62 4471
63 4664
64 4862
65 5076
66 5292
67 5521
68 5745
69 5973
70 6214
71 6456
72 6702
73 6979
74 7240
75 7507
76 7783
77 8066
78 8356
79 8652
80 8956
81 9269
82 9584
83 9912
84 10261
85 10604
86 10950
87 11302
88 11666
89 12036
90 12426
91 12832
92 13256
93 13659
94 14359
95 14780
96 15264
97 15709
98 19589
99 20047
